This is pdfTeX, Version 3.141592653-2.6-1.40.27 (TeX Live 2025) (preloaded format=pdflatex)
 restricted \write18 enabled.
entering extended mode
(./main.tex
LaTeX2e <2024-11-01> patch level 2
L3 programming layer <2025-01-18>
(/usr/local/texlive/2025/texmf-dist/tex/latex/koma-script/scrbook.cls
Document Class: scrbook 2024/10/24 v3.43 KOMA-Script document class (book)
(/usr/local/texlive/2025/texmf-dist/tex/latex/koma-script/scrkbase.sty
(/usr/local/texlive/2025/texmf-dist/tex/latex/koma-script/scrbase.sty
(/usr/local/texlive/2025/texmf-dist/tex/latex/koma-script/scrlfile.sty
(/usr/local/texlive/2025/texmf-dist/tex/latex/koma-script/scrlfile-hook.sty
(/usr/local/texlive/2025/texmf-dist/tex/latex/koma-script/scrlogo.sty)))
(/usr/local/texlive/2025/texmf-dist/tex/latex/graphics/keyval.sty)))
(/usr/local/texlive/2025/texmf-dist/tex/latex/koma-script/tocbasic.sty)
(/usr/local/texlive/2025/texmf-dist/tex/latex/koma-script/scrsize12pt.clo)
(/usr/local/texlive/2025/texmf-dist/tex/latex/koma-script/typearea.sty))
(/usr/local/texlive/2025/texmf-dist/tex/latex/geometry/geometry.sty
(/usr/local/texlive/2025/texmf-dist/tex/generic/iftex/ifvtex.sty
(/usr/local/texlive/2025/texmf-dist/tex/generic/iftex/iftex.sty)))
(/usr/local/texlive/2025/texmf-dist/tex/latex/placeins/placeins.sty)

Class scrbook Warning: Usage of package `fancyhdr' together
(scrbook)              with a KOMA-Script class is not recommended.
(scrbook)              I'd suggest to use 
(scrbook)              package `scrlayer' or `scrlayer-scrpage', because
(scrbook)              they support KOMA-Script classes.
(scrbook)              With `fancyhdr' several features of class `scrbook'
(scrbook)              like options `headsepline', `footsepline' or command
(scrbook)              `\MakeMarkcase' and the commands `\setkomafont' and
(scrbook)              `\addtokomafont' for the page style elements need
(scrbook)              explicite user intervention to work.
(scrbook)              Nevertheless, using requested
(scrbook)              package `fancyhdr' on input line 5.

(/usr/local/texlive/2025/texmf-dist/tex/latex/fancyhdr/fancyhdr.sty)
(/usr/local/texlive/2025/texmf-dist/tex/latex/graphics/graphicx.sty
(/usr/local/texlive/2025/texmf-dist/tex/latex/graphics/graphics.sty
(/usr/local/texlive/2025/texmf-dist/tex/latex/graphics/trig.sty)
(/usr/local/texlive/2025/texmf-dist/tex/latex/graphics-cfg/graphics.cfg)
(/usr/local/texlive/2025/texmf-dist/tex/latex/graphics-def/pdftex.def)))
(/usr/local/texlive/2025/texmf-dist/tex/latex/natbib/natbib.sty)
(/usr/local/texlive/2025/texmf-dist/tex/latex/adjustbox/adjustbox.sty
(/usr/local/texlive/2025/texmf-dist/tex/latex/xkeyval/xkeyval.sty
(/usr/local/texlive/2025/texmf-dist/tex/generic/xkeyval/xkeyval.tex
(/usr/local/texlive/2025/texmf-dist/tex/generic/xkeyval/xkvutils.tex)))
(/usr/local/texlive/2025/texmf-dist/tex/latex/adjustbox/adjcalc.sty)
(/usr/local/texlive/2025/texmf-dist/tex/latex/adjustbox/trimclip.sty
(/usr/local/texlive/2025/texmf-dist/tex/latex/collectbox/collectbox.sty)
(/usr/local/texlive/2025/texmf-dist/tex/latex/adjustbox/tc-pdftex.def))
(/usr/local/texlive/2025/texmf-dist/tex/latex/ifoddpage/ifoddpage.sty)
(/usr/local/texlive/2025/texmf-dist/tex/latex/varwidth/varwidth.sty))
(./macros/commands_1img.tex) (./macros/commands_2img.tex)
(./macros/commands_3img.tex) (./macros/commands_4img.tex)
(./macros/commands_6img.tex) (./macros/commands_8img.tex)
(/usr/local/texlive/2025/texmf-dist/tex/latex/l3backend/l3backend-pdftex.def)
(./main.aux (./sections/cover.aux) (./sections/day13.aux) (./sections/day14.aux
) (./sections/day15.aux) (./sections/day16.aux) (./sections/epilogo.aux)
(./sections/appendice.aux))
*geometry* driver: auto-detecting
*geometry* detected driver: pdftex
(/usr/local/texlive/2025/texmf-dist/tex/context/base/mkii/supp-pdf.mkii
[Loading MPS to PDF converter (version 2006.09.02).]
) (/usr/local/texlive/2025/texmf-dist/tex/latex/epstopdf-pkg/epstopdf-base.sty
(/usr/local/texlive/2025/texmf-dist/tex/latex/latexconfig/epstopdf-sys.cfg))
(./sections/cover.tex
[1{/usr/local/texlive/2025/texmf-var/fonts/map/pdftex/updmap/pdftex.map} <./ima
ges/flags/indomap.png>]
[2]) (./sections/day9.tex
(/usr/local/texlive/2025/texmf-dist/tex/latex/base/omscmr.fd)

LaTeX Warning: `h' float specifier changed to `ht'.


LaTeX Warning: `h' float specifier changed to `ht'.


LaTeX Warning: `h' float specifier changed to `ht'.


LaTeX Warning: `h' float specifier changed to `ht'.


LaTeX Warning: `h' float specifier changed to `ht'.


LaTeX Warning: `h' float specifier changed to `ht'.


Underfull \hbox (badness 10000) in paragraph at lines 41--42


Underfull \hbox (badness 10000) in paragraph at lines 41--42


[3{/usr/local/texlive/2025/texmf-dist/fonts/enc/dvips/cm-super/cm-super-ts1.enc
} <./images/day2/map-giorno2.png> <./images/day9/PXL_20240817_005218715.MP.jpg>
]
[4 <./images/day9/PXL_20240817_005322379.jpg>]
Underfull \vbox (badness 1852) has occurred while \output is active
[5 <./images/day9/PXL_20240817_014441371.jpg>]
Underfull \vbox (badness 1072) has occurred while \output is active
[6 <./images/day9/PXL_20240817_020754584.MP.jpg>]
Underfull \vbox (badness 1072) has occurred while \output is active
[7 <./images/day9/PXL_20240817_022252428.jpg>]
Underfull \vbox (badness 1072) has occurred while \output is active
[8 <./images/day9/PXL_20240817_022624386.MP.jpg>]
[9 <./images/day9/PXL_20240817_085141809.jpg>]
Overfull \hbox (14.4218pt too wide) in paragraph at lines 95--97
[]\OT1/cmr/m/it/12 P.s. Un es-tratto del pro-gramma dei giochi or-ga-niz-zati i
n oc-ca-sione della festa dell'indipendenza

Underfull \hbox (badness 10000) in paragraph at lines 95--97


Underfull \hbox (badness 10000) in paragraph at lines 98--100


Underfull \hbox (badness 10000) in paragraph at lines 101--103


Underfull \hbox (badness 10000) in paragraph at lines 104--106


Underfull \hbox (badness 10000) in paragraph at lines 107--109


Underfull \hbox (badness 10000) in paragraph at lines 110--112


Underfull \hbox (badness 10000) in paragraph at lines 113--115


Underfull \hbox (badness 10000) in paragraph at lines 116--118


Underfull \hbox (badness 10000) in paragraph at lines 119--121


Underfull \hbox (badness 10000) in paragraph at lines 122--124


[10]

LaTeX Warning: `h' float specifier changed to `ht'.


[11 <./images/day9/PXL_20240817_005024318.jpg> <./images/day9/PXL_20240817_0052
06599.jpg>]
[12 <./images/day9/PXL_20240817_014451812.jpg>]
[13]
[14 <./images/day9/PXL_20240817_020749328.MP.jpg>]
[15]

LaTeX Warning: `h' float specifier changed to `ht'.


[16 <./images/day9/PXL_20240817_023200751.jpg>]

LaTeX Warning: `h' float specifier changed to `ht'.


[17 <./images/day9/PXL_20240817_023657939.MP.jpg> <./images/day9/AAAF3F3E-9B2B-
4565-AE5A-5BF4EAC1979F_1_201_a.jpeg>]
[18 <./images/day9/PXL_20240817_023600386.jpg>]

LaTeX Warning: `h' float specifier changed to `ht'.


[19 <./images/day9/PXL_20240817_023316611.MP.jpg>]
[20 <./images/day9/PXL_20240817_022316297.MP.jpg>]
[21]

LaTeX Warning: `h' float specifier changed to `ht'.


[22 <./images/day9/PXL_20240817_085335659.jpg> <./images/day9/PXL_20240817_0934
27724.jpg>]

LaTeX Warning: `h' float specifier changed to `ht'.


[23 <./images/day9/PXL_20240817_085932991.jpg> <./images/day9/PXL_20240817_0858
59975.MP.jpg>]

LaTeX Warning: `h' float specifier changed to `ht'.


[24 <./images/day9/PXL_20240817_091728186.MP.jpg> <./images/day9/PXL_20240817_0
91729486.MP.jpg> <./images/day9/PXL_20240817_091730336.jpg> <./images/day9/PXL_
20240817_091734602.MP.jpg> <./images/day9/7215386C-2942-419A-A4A7-8EF3EC21257A_
1_201_a.jpeg> <./images/day9/0AC4D2DD-7442-4507-B2E0-2575C8F7659D_1_201_a.jpeg>
]

LaTeX Warning: `h' float specifier changed to `ht'.


[25 <./images/day9/PXL_20240817_092825289.jpg> <./images/day9/PXL_20240817_0928
27839.jpg> <./images/day9/73DF18A3-42E5-41E4-850B-914EBBC24590_1_201_a.jpeg> <.
/images/day9/20932FD7-8154-4031-9F8A-E68E0BBAC611_1_201_a.jpeg> <./images/day9/
253E6D0E-6B75-48BA-8937-7E365FC09F99_1_201_a.jpeg> <./images/day9/CC39CE3E-D5B5
-4E6C-A8F1-BC9B73601970_1_201_a.jpeg>]

LaTeX Warning: `h' float specifier changed to `ht'.


[26 <./images/day9/PXL_20240817_090345510.jpg> <./images/day9/PXL_20240817_0903
51114.jpg>]

LaTeX Warning: `h' float specifier changed to `ht'.


[27 <./images/day9/PXL_20240817_090208521.MP.jpg> <./images/day9/PXL_20240817_0
90145155.jpg>]

LaTeX Warning: `h' float specifier changed to `ht'.


[28 <./images/day9/PXL_20240817_120021703.jpg> <./images/day9/PXL_20240817_1012
02294.MP.jpg>]
[29 <./images/day9/PXL_20240817_142553850.jpg>]

LaTeX Warning: `h' float specifier changed to `ht'.


[30 <./images/day9/PXL_20240817_161912210.jpg> <./images/day9/PXL_20240817_1619
15731.jpg>]) (./sections/day10.tex

LaTeX Warning: `h' float specifier changed to `ht'.


LaTeX Warning: `h' float specifier changed to `ht'.


LaTeX Warning: `h' float specifier changed to `ht'.


LaTeX Warning: `h' float specifier changed to `ht'.


LaTeX Warning: `h' float specifier changed to `ht'.


LaTeX Warning: `h' float specifier changed to `ht'.


LaTeX Warning: `h' float specifier changed to `ht'.


LaTeX Warning: `h' float specifier changed to `ht'.


LaTeX Warning: `h' float specifier changed to `ht'.


Underfull \hbox (badness 10000) in paragraph at lines 45--46


Underfull \hbox (badness 10000) in paragraph at lines 45--46


[31 <./images/day10/PXL_20240818_011730854.jpg>]
! Misplaced alignment tab character &.
l.55 ... e bambù, riferimenti costanti al chill &
                                                   relax e cocktail bar a no...


Underfull \vbox (badness 1852) has occurred while \output is active
[32 <./images/day10/PXL_20240818_014114822.MP.jpg>]
[33 <./images/day10/BBC3898D-EFCF-4269-89FF-F7C0E8D60503_1_201_a.jpeg>]
[34 <./images/day10/9EDF5DB9-5C3D-4E1E-A735-C373730592D2_1_201_a.jpeg>]
Underfull \vbox (badness 1072) has occurred while \output is active
[35 <./images/day10/PXL_20240818_024159516.jpg>]
Underfull \vbox (badness 1072) has occurred while \output is active
[36 <./images/day10/PXL_20240818_030430140.jpg>]
[37 <./images/day10/PXL_20240818_032541690.jpg>]
Underfull \vbox (badness 1852) has occurred while \output is active
[38 <./images/day10/PXL_20240818_035531663.MP.jpg>]
Underfull \vbox (badness 1852) has occurred while \output is active
[39 <./images/day10/PXL_20240818_065151050.MP.jpg>]

LaTeX Warning: `h' float specifier changed to `ht'.


LaTeX Warning: `h' float specifier changed to `ht'.


LaTeX Warning: `h' float specifier changed to `ht'.


[40 <./images/day10/PXL_20240818_075508360.MP.jpg>]
[41 <./images/day10/PXL_20240818_014501139.MP.jpg>]
[42 <./images/day10/PXL_20240818_024359146.jpg>]
[43 <./images/day10/PXL_20240818_030015328.jpg>]
[44 <./images/day10/PXL_20240818_075409711.jpg> <./images/day10/PXL_20240818_07
2644892.MP.jpg> <./images/day10/PXL_20240818_072646504.MP.jpg>]

LaTeX Warning: `h' float specifier changed to `ht'.


[45 <./images/day10/PXL_20240818_101947796.jpg>]

LaTeX Warning: `h' float specifier changed to `ht'.


[46 <./images/day10/PXL_20240818_124623817.MP.jpg> <./images/day10/PXL_20240818
_124710154.MP.jpg>]

LaTeX Warning: `h' float specifier changed to `ht'.


[47 <./images/day10/Screenshot 2026-05-18 at 18.42.58.png> <./images/day10/Scre
enshot 2026-05-18 at 18.43.55.png>]

LaTeX Warning: `h' float specifier changed to `ht'.


[48 <./images/day10/Screenshot 2026-05-18 at 18.44.36.png> <./images/day10/Scre
enshot 2026-05-18 at 18.45.06.png>]
Underfull \vbox (badness 10000) has occurred while \output is active
[49]
[50 <./images/day10/Screenshot 2026-05-18 at 18.46.15.png>]
Underfull \vbox (badness 10000) has occurred while \output is active
[51]
[52]

LaTeX Warning: `h' float specifier changed to `ht'.


[53 <./images/day10/Screenshot 2026-05-18 at 18.46.04.png> <./images/day10/Scre
enshot 2026-05-18 at 18.47.22.png>]

LaTeX Warning: `h' float specifier changed to `ht'.


[54 <./images/day10/Screenshot 2026-05-18 at 18.47.49.png> <./images/day10/Scre
enshot 2026-05-18 at 18.48.04.png>]
Underfull \vbox (badness 10000) has occurred while \output is active
[55]
[56]
Underfull \vbox (badness 10000) has occurred while \output is active
[57]
[58]

LaTeX Warning: `h' float specifier changed to `ht'.


[59 <./images/day10/Screenshot 2026-05-18 at 18.48.58.png> <./images/day10/Scre
enshot 2026-05-18 at 18.49.06.png>]

LaTeX Warning: `h' float specifier changed to `ht'.


[60 <./images/day10/Screenshot 2026-05-18 at 18.49.35.png> <./images/day10/Scre
enshot 2026-05-18 at 18.49.46.png>]

LaTeX Warning: `h' float specifier changed to `ht'.


[61 <./images/day10/Screenshot 2026-05-18 at 18.50.32.png> <./images/day10/Scre
enshot 2026-05-18 at 18.50.41.png> <./images/day10/Screenshot 2026-05-18 at 18.
50.50.png> <./images/day10/Screenshot 2026-05-18 at 18.51.00.png> <./images/day
10/Screenshot 2026-05-18 at 18.51.10.png> <./images/day10/Screenshot 2026-05-18
 at 18.51.22.png>]
[62 <./images/day10/Screenshot 2026-05-18 at 18.50.05.png>]

LaTeX Warning: `h' float specifier changed to `ht'.


[63 <./images/day10/Screenshot 2026-05-18 at 18.52.39.png> <./images/day10/Scre
enshot 2026-05-18 at 18.52.16.png>]

LaTeX Warning: `h' float specifier changed to `ht'.


[64 <./images/day10/Screenshot 2026-05-18 at 18.52.06.png> <./images/day10/Scre
enshot 2026-05-18 at 18.51.55.png>]) (./main.aux (./sections/cover.aux)
(./sections/day9.aux) (./sections/day10.aux)) )
(see the transcript file for additional information)</usr/local/texlive/2025/te
xmf-dist/fonts/type1/public/amsfonts/cm/cmbx12.pfb></usr/local/texlive/2025/tex
mf-dist/fonts/type1/public/amsfonts/cm/cmr10.pfb></usr/local/texlive/2025/texmf
-dist/fonts/type1/public/amsfonts/cm/cmr12.pfb></usr/local/texlive/2025/texmf-d
ist/fonts/type1/public/amsfonts/cm/cmsy10.pfb></usr/local/texlive/2025/texmf-di
st/fonts/type1/public/amsfonts/cm/cmti12.pfb></usr/local/texlive/2025/texmf-dis
t/fonts/type1/public/cm-super/sfrm1200.pfb>
Output written on main.pdf (64 pages, 462959745 bytes).
Transcript written on main.log.
